Analyzing frontend...                                           

  error - Target of URI doesn't exist: '../organism_ui.dart' - lib\constants\atype_data.dart:2:8 - uri_does_not_exist
   info - 'withOpacity' is deprecated and shouldn't be used. Use .withValues() to avoid precision loss - lib\constants\atype_data.dart:28:33 - deprecated_member_use
  error - Undefined name 'OrganismUI' - lib\constants\atype_data.dart:87:12 - undefined_identifier
   info - 'withOpacity' is deprecated and shouldn't be used. Use .withValues() to avoid precision loss - lib\constants\atype_data.dart:115:54 - deprecated_member_use
   info - 'withOpacity' is deprecated and shouldn't be used. Use .withValues() to avoid precision loss - lib\constants\atype_data.dart:118:56 - deprecated_member_use
   info - 'withOpacity' is deprecated and shouldn't be used. Use .withValues() to avoid precision loss - lib\constants\atype_data.dart:127:60 - deprecated_member_use
  error - Target of URI doesn't exist: '../organism_ui.dart' - lib\main.dart:2:8 - uri_does_not_exist
   info - 'withOpacity' is deprecated and shouldn't be used. Use .withValues() to avoid precision loss - lib\main.dart:28:33 - deprecated_member_use
  error - Undefined name 'OrganismUI' - lib\main.dart:87:12 - undefined_identifier
   info - 'withOpacity' is deprecated and shouldn't be used. Use .withValues() to avoid precision loss - lib\main.dart:115:54 - deprecated_member_use
   info - 'withOpacity' is deprecated and shouldn't be used. Use .withValues() to avoid precision loss - lib\main.dart:118:56 - deprecated_member_use
   info - 'withOpacity' is deprecated and shouldn't be used. Use .withValues() to avoid precision loss - lib\main.dart:127:60 - deprecated_member_use
  error - Target of URI doesn't exist: '../organism_ui.dart' - lib\models\account_group_model.dart:2:8 - uri_does_not_exist
   info - 'withOpacity' is deprecated and shouldn't be used. Use .withValues() to avoid precision loss - lib\models\account_group_model.dart:28:33 - deprecated_member_use
  error - Undefined name 'OrganismUI' - lib\models\account_group_model.dart:87:12 - undefined_identifier
   info - 'withOpacity' is deprecated and shouldn't be used. Use .withValues() to avoid precision loss - lib\models\account_group_model.dart:115:54 - deprecated_member_use
   info - 'withOpacity' is deprecated and shouldn't be used. Use .withValues() to avoid precision loss - lib\models\account_group_model.dart:118:56 - deprecated_member_use
   info - 'withOpacity' is deprecated and shouldn't be used. Use .withValues() to avoid precision loss - lib\models\account_group_model.dart:127:60 - deprecated_member_use
  error - Target of URI doesn't exist: '../organism_ui.dart' - lib\models\cutting_cards_model.dart:2:8 - uri_does_not_exist
   info - 'withOpacity' is deprecated and shouldn't be used. Use .withValues() to avoid precision loss - lib\models\cutting_cards_model.dart:28:33 - deprecated_member_use
  error - Undefined name 'OrganismUI' - lib\models\cutting_cards_model.dart:87:12 - undefined_identifier
   info - 'withOpacity' is deprecated and shouldn't be used. Use .withValues() to avoid precision loss - lib\models\cutting_cards_model.dart:115:54 - deprecated_member_use
   info - 'withOpacity' is deprecated and shouldn't be used. Use .withValues() to avoid precision loss - lib\models\cutting_cards_model.dart:118:56 - deprecated_member_use
   info - 'withOpacity' is deprecated and shouldn't be used. Use .withValues() to avoid precision loss - lib\models\cutting_cards_model.dart:127:60 - deprecated_member_use
  error - Target of URI doesn't exist: '../organism_ui.dart' - lib\models\design_model.dart:2:8 - uri_does_not_exist
   info - 'withOpacity' is deprecated and shouldn't be used. Use .withValues() to avoid precision loss - lib\models\design_model.dart:28:33 - deprecated_member_use
  error - Undefined name 'OrganismUI' - lib\models\design_model.dart:87:12 - undefined_identifier
   info - 'withOpacity' is deprecated and shouldn't be used. Use .withValues() to avoid precision loss - lib\models\design_model.dart:115:54 - deprecated_member_use
   info - 'withOpacity' is deprecated and shouldn't be used. Use .withValues() to avoid precision loss - lib\models\design_model.dart:118:56 - deprecated_member_use
   info - 'withOpacity' is deprecated and shouldn't be used. Use .withValues() to avoid precision loss - lib\models\design_model.dart:127:60 - deprecated_member_use
  error - Target of URI doesn't exist: '../organism_ui.dart' - lib\models\grey_inward_model.dart:2:8 - uri_does_not_exist
   info - 'withOpacity' is deprecated and shouldn't be used. Use .withValues() to avoid precision loss - lib\models\grey_inward_model.dart:28:33 - deprecated_member_use
  error - Undefined name 'OrganismUI' - lib\models\grey_inward_model.dart:87:12 - undefined_identifier
   info - 'withOpacity' is deprecated and shouldn't be used. Use .withValues() to avoid precision loss - lib\models\grey_inward_model.dart:115:54 - deprecated_member_use
   info - 'withOpacity' is deprecated and shouldn't be used. Use .withValues() to avoid precision loss - lib\models\grey_inward_model.dart:118:56 - deprecated_member_use
   info - 'withOpacity' is deprecated and shouldn't be used. Use .withValues() to avoid precision loss - lib\models\grey_inward_model.dart:127:60 - deprecated_member_use
  error - Target of URI doesn't exist: '../organism_ui.dart' - lib\models\haste_model.dart:2:8 - uri_does_not_exist
   info - 'withOpacity' is deprecated and shouldn't be used. Use .withValues() to avoid precision loss - lib\models\haste_model.dart:28:33 - deprecated_member_use
  error - Undefined name 'OrganismUI' - lib\models\haste_model.dart:87:12 - undefined_identifier
   info - 'withOpacity' is deprecated and shouldn't be used. Use .withValues() to avoid precision loss - lib\models\haste_model.dart:115:54 - deprecated_member_use
   info - 'withOpacity' is deprecated and shouldn't be used. Use .withValues() to avoid precision loss - lib\models\haste_model.dart:118:56 - deprecated_member_use
   info - 'withOpacity' is deprecated and shouldn't be used. Use .withValues() to avoid precision loss - lib\models\haste_model.dart:127:60 - deprecated_member_use
  error - Target of URI doesn't exist: '../organism_ui.dart' - lib\models\invoice_model.dart:2:8 - uri_does_not_exist
   info - 'withOpacity' is deprecated and shouldn't be used. Use .withValues() to avoid precision loss - lib\models\invoice_model.dart:28:33 - deprecated_member_use
  error - Undefined name 'OrganismUI' - lib\models\invoice_model.dart:87:12 - undefined_identifier
   info - 'withOpacity' is deprecated and shouldn't be used. Use .withValues() to avoid precision loss - lib\models\invoice_model.dart:115:54 - deprecated_member_use
   info - 'withOpacity' is deprecated and shouldn't be used. Use .withValues() to avoid precision loss - lib\models\invoice_model.dart:118:56 - deprecated_member_use
   info - 'withOpacity' is deprecated and shouldn't be used. Use .withValues() to avoid precision loss - lib\models\invoice_model.dart:127:60 - deprecated_member_use
  error - Target of URI doesn't exist: '../organism_ui.dart' - lib\models\item_model.dart:2:8 - uri_does_not_exist
   info - 'withOpacity' is deprecated and shouldn't be used. Use .withValues() to avoid precision loss - lib\models\item_model.dart:28:33 - deprecated_member_use
  error - Undefined name 'OrganismUI' - lib\models\item_model.dart:87:12 - undefined_identifier
   info - 'withOpacity' is deprecated and shouldn't be used. Use .withValues() to avoid precision loss - lib\models\item_model.dart:115:54 - deprecated_member_use
   info - 'withOpacity' is deprecated and shouldn't be used. Use .withValues() to avoid precision loss - lib\models\item_model.dart:118:56 - deprecated_member_use
   info - 'withOpacity' is deprecated and shouldn't be used. Use .withValues() to avoid precision loss - lib\models\item_model.dart:127:60 - deprecated_member_use
  error - Target of URI doesn't exist: '../organism_ui.dart' - lib\models\mill_receive_model.dart:2:8 - uri_does_not_exist
   info - 'withOpacity' is deprecated and shouldn't be used. Use .withValues() to avoid precision loss - lib\models\mill_receive_model.dart:28:33 - deprecated_member_use
  error - Undefined name 'OrganismUI' - lib\models\mill_receive_model.dart:87:12 - undefined_identifier
   info - 'withOpacity' is deprecated and shouldn't be used. Use .withValues() to avoid precision loss - lib\models\mill_receive_model.dart:115:54 - deprecated_member_use
   info - 'withOpacity' is deprecated and shouldn't be used. Use .withValues() to avoid precision loss - lib\models\mill_receive_model.dart:118:56 - deprecated_member_use
   info - 'withOpacity' is deprecated and shouldn't be used. Use .withValues() to avoid precision loss - lib\models\mill_receive_model.dart:127:60 - deprecated_member_use
  error - Target of URI doesn't exist: '../organism_ui.dart' - lib\models\packing_slip_model.dart:2:8 - uri_does_not_exist
   info - 'withOpacity' is deprecated and shouldn't be used. Use .withValues() to avoid precision loss - lib\models\packing_slip_model.dart:28:33 - deprecated_member_use
  error - Undefined name 'OrganismUI' - lib\models\packing_slip_model.dart:87:12 - undefined_identifier
   info - 'withOpacity' is deprecated and shouldn't be used. Use .withValues() to avoid precision loss - lib\models\packing_slip_model.dart:115:54 - deprecated_member_use
   info - 'withOpacity' is deprecated and shouldn't be used. Use .withValues() to avoid precision loss - lib\models\packing_slip_model.dart:118:56 - deprecated_member_use
   info - 'withOpacity' is deprecated and shouldn't be used. Use .withValues() to avoid precision loss - lib\models\packing_slip_model.dart:127:60 - deprecated_member_use
  error - Target of URI doesn't exist: '../organism_ui.dart' - lib\models\party_model.dart:2:8 - uri_does_not_exist
   info - 'withOpacity' is deprecated and shouldn't be used. Use .withValues() to avoid precision loss - lib\models\party_model.dart:28:33 - deprecated_member_use
  error - Undefined name 'OrganismUI' - lib\models\party_model.dart:87:12 - undefined_identifier
   info - 'withOpacity' is deprecated and shouldn't be used. Use .withValues() to avoid precision loss - lib\models\party_model.dart:115:54 - deprecated_member_use
   info - 'withOpacity' is deprecated and shouldn't be used. Use .withValues() to avoid precision loss - lib\models\party_model.dart:118:56 - deprecated_member_use
   info - 'withOpacity' is deprecated and shouldn't be used. Use .withValues() to avoid precision loss - lib\models\party_model.dart:127:60 - deprecated_member_use
  error - Target of URI doesn't exist: '../organism_ui.dart' - lib\models\production_metrics_model.dart:2:8 - uri_does_not_exist
   info - 'withOpacity' is deprecated and shouldn't be used. Use .withValues() to avoid precision loss - lib\models\production_metrics_model.dart:28:33 - deprecated_member_use
  error - Undefined name 'OrganismUI' - lib\models\production_metrics_model.dart:87:12 - undefined_identifier
   info - 'withOpacity' is deprecated and shouldn't be used. Use .withValues() to avoid precision loss - lib\models\production_metrics_model.dart:115:54 - deprecated_member_use
   info - 'withOpacity' is deprecated and shouldn't be used. Use .withValues() to avoid precision loss - lib\models\production_metrics_model.dart:118:56 - deprecated_member_use
   info - 'withOpacity' is deprecated and shouldn't be used. Use .withValues() to avoid precision loss - lib\models\production_metrics_model.dart:127:60 - deprecated_member_use
  error - Target of URI doesn't exist: '../organism_ui.dart' - lib\models\sales_order_model.dart:2:8 - uri_does_not_exist
   info - 'withOpacity' is deprecated and shouldn't be used. Use .withValues() to avoid precision loss - lib\models\sales_order_model.dart:28:33 - deprecated_member_use
  error - Undefined name 'OrganismUI' - lib\models\sales_order_model.dart:87:12 - undefined_identifier
   info - 'withOpacity' is deprecated and shouldn't be used. Use .withValues() to avoid precision loss - lib\models\sales_order_model.dart:115:54 - deprecated_member_use
   info - 'withOpacity' is deprecated and shouldn't be used. Use .withValues() to avoid precision loss - lib\models\sales_order_model.dart:118:56 - deprecated_member_use
   info - 'withOpacity' is deprecated and shouldn't be used. Use .withValues() to avoid precision loss - lib\models\sales_order_model.dart:127:60 - deprecated_member_use
  error - Target of URI doesn't exist: '../organism_ui.dart' - lib\models\sync_issue.dart:2:8 - uri_does_not_exist
   info - 'withOpacity' is deprecated and shouldn't be used. Use .withValues() to avoid precision loss - lib\models\sync_issue.dart:28:33 - deprecated_member_use
  error - Undefined name 'OrganismUI' - lib\models\sync_issue.dart:87:12 - undefined_identifier
   info - 'withOpacity' is deprecated and shouldn't be used. Use .withValues() to avoid precision loss - lib\models\sync_issue.dart:115:54 - deprecated_member_use
   info - 'withOpacity' is deprecated and shouldn't be used. Use .withValues() to avoid precision loss - lib\models\sync_issue.dart:118:56 - deprecated_member_use
   info - 'withOpacity' is deprecated and shouldn't be used. Use .withValues() to avoid precision loss - lib\models\sync_issue.dart:127:60 - deprecated_member_use
  error - Target of URI doesn't exist: '../organism_ui.dart' - lib\models\sync_log_entry.dart:2:8 - uri_does_not_exist
   info - 'withOpacity' is deprecated and shouldn't be used. Use .withValues() to avoid precision loss - lib\models\sync_log_entry.dart:28:33 - deprecated_member_use
  error - Undefined name 'OrganismUI' - lib\models\sync_log_entry.dart:87:12 - undefined_identifier
   info - 'withOpacity' is deprecated and shouldn't be used. Use .withValues() to avoid precision loss - lib\models\sync_log_entry.dart:115:54 - deprecated_member_use
   info - 'withOpacity' is deprecated and shouldn't be used. Use .withValues() to avoid precision loss - lib\models\sync_log_entry.dart:118:56 - deprecated_member_use
   info - 'withOpacity' is deprecated and shouldn't be used. Use .withValues() to avoid precision loss - lib\models\sync_log_entry.dart:127:60 - deprecated_member_use
  error - Target of URI doesn't exist: '../organism_ui.dart' - lib\screens\admin\admin_screen.dart:2:8 - uri_does_not_exist
   info - 'withOpacity' is deprecated and shouldn't be used. Use .withValues() to avoid precision loss - lib\screens\admin\admin_screen.dart:28:33 - deprecated_member_use
  error - Undefined name 'OrganismUI' - lib\screens\admin\admin_screen.dart:87:12 - undefined_identifier
   info - 'withOpacity' is deprecated and shouldn't be used. Use .withValues() to avoid precision loss - lib\screens\admin\admin_screen.dart:115:54 - deprecated_member_use
   info - 'withOpacity' is deprecated and shouldn't be used. Use .withValues() to avoid precision loss - lib\screens\admin\admin_screen.dart:118:56 - deprecated_member_use
   info - 'withOpacity' is deprecated and shouldn't be used. Use .withValues() to avoid precision loss - lib\screens\admin\admin_screen.dart:127:60 - deprecated_member_use
  error - Target of URI doesn't exist: '../organism_ui.dart' - lib\screens\admin\widgets\issue_card.dart:2:8 - uri_does_not_exist
   info - 'withOpacity' is deprecated and shouldn't be used. Use .withValues() to avoid precision loss - lib\screens\admin\widgets\issue_card.dart:28:33 - deprecated_member_use
  error - Undefined name 'OrganismUI' - lib\screens\admin\widgets\issue_card.dart:87:12 - undefined_identifier
   info - 'withOpacity' is deprecated and shouldn't be used. Use .withValues() to avoid precision loss - lib\screens\admin\widgets\issue_card.dart:115:54 - deprecated_member_use
   info - 'withOpacity' is deprecated and shouldn't be used. Use .withValues() to avoid precision loss - lib\screens\admin\widgets\issue_card.dart:118:56 - deprecated_member_use
   info - 'withOpacity' is deprecated and shouldn't be used. Use .withValues() to avoid precision loss - lib\screens\admin\widgets\issue_card.dart:127:60 - deprecated_member_use
  error - Target of URI doesn't exist: '../organism_ui.dart' - lib\screens\admin\widgets\kpi_card_group.dart:2:8 - uri_does_not_exist
   info - 'withOpacity' is deprecated and shouldn't be used. Use .withValues() to avoid precision loss - lib\screens\admin\widgets\kpi_card_group.dart:28:33 - deprecated_member_use
  error - Undefined name 'OrganismUI' - lib\screens\admin\widgets\kpi_card_group.dart:87:12 - undefined_identifier
   info - 'withOpacity' is deprecated and shouldn't be used. Use .withValues() to avoid precision loss - lib\screens\admin\widgets\kpi_card_group.dart:115:54 - deprecated_member_use
   info - 'withOpacity' is deprecated and shouldn't be used. Use .withValues() to avoid precision loss - lib\screens\admin\widgets\kpi_card_group.dart:118:56 - deprecated_member_use
   info - 'withOpacity' is deprecated and shouldn't be used. Use .withValues() to avoid precision loss - lib\screens\admin\widgets\kpi_card_group.dart:127:60 - deprecated_member_use
  error - Target of URI doesn't exist: '../organism_ui.dart' - lib\screens\admin\widgets\sync_history_tile.dart:2:8 - uri_does_not_exist
   info - 'withOpacity' is deprecated and shouldn't be used. Use .withValues() to avoid precision loss - lib\screens\admin\widgets\sync_history_tile.dart:28:33 - deprecated_member_use
  error - Undefined name 'OrganismUI' - lib\screens\admin\widgets\sync_history_tile.dart:87:12 - undefined_identifier
   info - 'withOpacity' is deprecated and shouldn't be used. Use .withValues() to avoid precision loss - lib\screens\admin\widgets\sync_history_tile.dart:115:54 - deprecated_member_use
   info - 'withOpacity' is deprecated and shouldn't be used. Use .withValues() to avoid precision loss - lib\screens\admin\widgets\sync_history_tile.dart:118:56 - deprecated_member_use
   info - 'withOpacity' is deprecated and shouldn't be used. Use .withValues() to avoid precision loss - lib\screens\admin\widgets\sync_history_tile.dart:127:60 - deprecated_member_use
  error - Target of URI doesn't exist: '../organism_ui.dart' - lib\screens\auth\login_screen.dart:2:8 - uri_does_not_exist
   info - 'withOpacity' is deprecated and shouldn't be used. Use .withValues() to avoid precision loss - lib\screens\auth\login_screen.dart:28:33 - deprecated_member_use
  error - Undefined name 'OrganismUI' - lib\screens\auth\login_screen.dart:87:12 - undefined_identifier
   info - 'withOpacity' is deprecated and shouldn't be used. Use .withValues() to avoid precision loss - lib\screens\auth\login_screen.dart:115:54 - deprecated_member_use
   info - 'withOpacity' is deprecated and shouldn't be used. Use .withValues() to avoid precision loss - lib\screens\auth\login_screen.dart:118:56 - deprecated_member_use
   info - 'withOpacity' is deprecated and shouldn't be used. Use .withValues() to avoid precision loss - lib\screens\auth\login_screen.dart:127:60 - deprecated_member_use
  error - Target of URI doesn't exist: '../organism_ui.dart' - lib\screens\library\library_screen.dart:2:8 - uri_does_not_exist
   info - 'withOpacity' is deprecated and shouldn't be used. Use .withValues() to avoid precision loss - lib\screens\library\library_screen.dart:28:33 - deprecated_member_use
  error - Undefined name 'OrganismUI' - lib\screens\library\library_screen.dart:87:12 - undefined_identifier
   info - 'withOpacity' is deprecated and shouldn't be used. Use .withValues() to avoid precision loss - lib\screens\library\library_screen.dart:115:54 - deprecated_member_use
   info - 'withOpacity' is deprecated and shouldn't be used. Use .withValues() to avoid precision loss - lib\screens\library\library_screen.dart:118:56 - deprecated_member_use
   info - 'withOpacity' is deprecated and shouldn't be used. Use .withValues() to avoid precision loss - lib\screens\library\library_screen.dart:127:60 - deprecated_member_use
  error - Target of URI doesn't exist: '../organism_ui.dart' - lib\screens\masters\items\pages\items_screen.dart:2:8 - uri_does_not_exist
   info - 'withOpacity' is deprecated and shouldn't be used. Use .withValues() to avoid precision loss - lib\screens\masters\items\pages\items_screen.dart:28:33 - deprecated_member_use
  error - Undefined name 'OrganismUI' - lib\screens\masters\items\pages\items_screen.dart:87:12 - undefined_identifier
   info - 'withOpacity' is deprecated and shouldn't be used. Use .withValues() to avoid precision loss - lib\screens\masters\items\pages\items_screen.dart:115:54 - deprecated_member_use
   info - 'withOpacity' is deprecated and shouldn't be used. Use .withValues() to avoid precision loss - lib\screens\masters\items\pages\items_screen.dart:118:56 - deprecated_member_use
   info - 'withOpacity' is deprecated and shouldn't be used. Use .withValues() to avoid precision loss - lib\screens\masters\items\pages\items_screen.dart:127:60 - deprecated_member_use
  error - Target of URI doesn't exist: '../organism_ui.dart' - lib\screens\masters\items\services\items_service.dart:2:8 - uri_does_not_exist
   info - 'withOpacity' is deprecated and shouldn't be used. Use .withValues() to avoid precision loss - lib\screens\masters\items\services\items_service.dart:28:33 - deprecated_member_use
  error - Undefined name 'OrganismUI' - lib\screens\masters\items\services\items_service.dart:87:12 - undefined_identifier
   info - 'withOpacity' is deprecated and shouldn't be used. Use .withValues() to avoid precision loss - lib\screens\masters\items\services\items_service.dart:115:54 - deprecated_member_use
   info - 'withOpacity' is deprecated and shouldn't be used. Use .withValues() to avoid precision loss - lib\screens\masters\items\services\items_service.dart:118:56 - deprecated_member_use
   info - 'withOpacity' is deprecated and shouldn't be used. Use .withValues() to avoid precision loss - lib\screens\masters\items\services\items_service.dart:127:60 - deprecated_member_use
  error - Target of URI doesn't exist: '../organism_ui.dart' - lib\screens\masters\items\widgets\item_detail_view.dart:2:8 - uri_does_not_exist
   info - 'withOpacity' is deprecated and shouldn't be used. Use .withValues() to avoid precision loss - lib\screens\masters\items\widgets\item_detail_view.dart:28:33 - deprecated_member_use
  error - Undefined name 'OrganismUI' - lib\screens\masters\items\widgets\item_detail_view.dart:87:12 - undefined_identifier
   info - 'withOpacity' is deprecated and shouldn't be used. Use .withValues() to avoid precision loss - lib\screens\masters\items\widgets\item_detail_view.dart:115:54 - deprecated_member_use
   info - 'withOpacity' is deprecated and shouldn't be used. Use .withValues() to avoid precision loss - lib\screens\masters\items\widgets\item_detail_view.dart:118:56 - deprecated_member_use
   info - 'withOpacity' is deprecated and shouldn't be used. Use .withValues() to avoid precision loss - lib\screens\masters\items\widgets\item_detail_view.dart:127:60 - deprecated_member_use
  error - Target of URI doesn't exist: '../organism_ui.dart' - lib\screens\masters\parties\pages\party_master_screen.dart:2:8 - uri_does_not_exist
   info - 'withOpacity' is deprecated and shouldn't be used. Use .withValues() to avoid precision loss - lib\screens\masters\parties\pages\party_master_screen.dart:28:33 - deprecated_member_use
  error - Undefined name 'OrganismUI' - lib\screens\masters\parties\pages\party_master_screen.dart:87:12 - undefined_identifier
   info - 'withOpacity' is deprecated and shouldn't be used. Use .withValues() to avoid precision loss - lib\screens\masters\parties\pages\party_master_screen.dart:115:54 - deprecated_member_use
   info - 'withOpacity' is deprecated and shouldn't be used. Use .withValues() to avoid precision loss - lib\screens\masters\parties\pages\party_master_screen.dart:118:56 - deprecated_member_use
   info - 'withOpacity' is deprecated and shouldn't be used. Use .withValues() to avoid precision loss - lib\screens\masters\parties\pages\party_master_screen.dart:127:60 - deprecated_member_use
  error - Target of URI doesn't exist: '../organism_ui.dart' - lib\screens\masters\parties\services\party_master_service.dart:2:8 - uri_does_not_exist
   info - 'withOpacity' is deprecated and shouldn't be used. Use .withValues() to avoid precision loss - lib\screens\masters\parties\services\party_master_service.dart:28:33 - deprecated_member_use
  error - Undefined name 'OrganismUI' - lib\screens\masters\parties\services\party_master_service.dart:87:12 - undefined_identifier
   info - 'withOpacity' is deprecated and shouldn't be used. Use .withValues() to avoid precision loss - lib\screens\masters\parties\services\party_master_service.dart:115:54 - deprecated_member_use
   info - 'withOpacity' is deprecated and shouldn't be used. Use .withValues() to avoid precision loss - lib\screens\masters\parties\services\party_master_service.dart:118:56 - deprecated_member_use
   info - 'withOpacity' is deprecated and shouldn't be used. Use .withValues() to avoid precision loss - lib\screens\masters\parties\services\party_master_service.dart:127:60 - deprecated_member_use
  error - Target of URI doesn't exist: '../organism_ui.dart' - lib\screens\masters\parties\widgets\master_detail_dashboard.dart:2:8 - uri_does_not_exist
   info - 'withOpacity' is deprecated and shouldn't be used. Use .withValues() to avoid precision loss - lib\screens\masters\parties\widgets\master_detail_dashboard.dart:28:33 - deprecated_member_use
  error - Undefined name 'OrganismUI' - lib\screens\masters\parties\widgets\master_detail_dashboard.dart:87:12 - undefined_identifier
   info - 'withOpacity' is deprecated and shouldn't be used. Use .withValues() to avoid precision loss - lib\screens\masters\parties\widgets\master_detail_dashboard.dart:115:54 - deprecated_member_use
   info - 'withOpacity' is deprecated and shouldn't be used. Use .withValues() to avoid precision loss - lib\screens\masters\parties\widgets\master_detail_dashboard.dart:118:56 - deprecated_member_use
   info - 'withOpacity' is deprecated and shouldn't be used. Use .withValues() to avoid precision loss - lib\screens\masters\parties\widgets\master_detail_dashboard.dart:127:60 - deprecated_member_use
  error - Target of URI doesn't exist: '../organism_ui.dart' - lib\screens\masters\parties\widgets\parties_tab_content.dart:2:8 - uri_does_not_exist
   info - 'withOpacity' is deprecated and shouldn't be used. Use .withValues() to avoid precision loss - lib\screens\masters\parties\widgets\parties_tab_content.dart:28:33 - deprecated_member_use
  error - Undefined name 'OrganismUI' - lib\screens\masters\parties\widgets\parties_tab_content.dart:87:12 - undefined_identifier
   info - 'withOpacity' is deprecated and shouldn't be used. Use .withValues() to avoid precision loss - lib\screens\masters\parties\widgets\parties_tab_content.dart:115:54 - deprecated_member_use
   info - 'withOpacity' is deprecated and shouldn't be used. Use .withValues() to avoid precision loss - lib\screens\masters\parties\widgets\parties_tab_content.dart:118:56 - deprecated_member_use
   info - 'withOpacity' is deprecated and shouldn't be used. Use .withValues() to avoid precision loss - lib\screens\masters\parties\widgets\parties_tab_content.dart:127:60 - deprecated_member_use
  error - Target of URI doesn't exist: '../organism_ui.dart' - lib\screens\masters\parties\widgets\party_detail_view.dart:2:8 - uri_does_not_exist
   info - 'withOpacity' is deprecated and shouldn't be used. Use .withValues() to avoid precision loss - lib\screens\masters\parties\widgets\party_detail_view.dart:28:33 - deprecated_member_use
  error - Undefined name 'OrganismUI' - lib\screens\masters\parties\widgets\party_detail_view.dart:87:12 - undefined_identifier
   info - 'withOpacity' is deprecated and shouldn't be used. Use .withValues() to avoid precision loss - lib\screens\masters\parties\widgets\party_detail_view.dart:115:54 - deprecated_member_use
   info - 'withOpacity' is deprecated and shouldn't be used. Use .withValues() to avoid precision loss - lib\screens\masters\parties\widgets\party_detail_view.dart:118:56 - deprecated_member_use
   info - 'withOpacity' is deprecated and shouldn't be used. Use .withValues() to avoid precision loss - lib\screens\masters\parties\widgets\party_detail_view.dart:127:60 - deprecated_member_use
  error - Target of URI doesn't exist: '../organism_ui.dart' - lib\screens\production\cutting_cards\pages\cutting_cards_view.dart:2:8 - uri_does_not_exist
   info - 'withOpacity' is deprecated and shouldn't be used. Use .withValues() to avoid precision loss - lib\screens\production\cutting_cards\pages\cutting_cards_view.dart:28:33 - deprecated_member_use
  error - Undefined name 'OrganismUI' - lib\screens\production\cutting_cards\pages\cutting_cards_view.dart:87:12 - undefined_identifier
   info - 'withOpacity' is deprecated and shouldn't be used. Use .withValues() to avoid precision loss - lib\screens\production\cutting_cards\pages\cutting_cards_view.dart:115:54 - deprecated_member_use
   info - 'withOpacity' is deprecated and shouldn't be used. Use .withValues() to avoid precision loss - lib\screens\production\cutting_cards\pages\cutting_cards_view.dart:118:56 - deprecated_member_use
   info - 'withOpacity' is deprecated and shouldn't be used. Use .withValues() to avoid precision loss - lib\screens\production\cutting_cards\pages\cutting_cards_view.dart:127:60 - deprecated_member_use
  error - Target of URI doesn't exist: '../organism_ui.dart' - lib\screens\production\cutting_cards\services\cutting_cards_service.dart:2:8 - uri_does_not_exist
   info - 'withOpacity' is deprecated and shouldn't be used. Use .withValues() to avoid precision loss - lib\screens\production\cutting_cards\services\cutting_cards_service.dart:28:33 - deprecated_member_use
  error - Undefined name 'OrganismUI' - lib\screens\production\cutting_cards\services\cutting_cards_service.dart:87:12 - undefined_identifier
   info - 'withOpacity' is deprecated and shouldn't be used. Use .withValues() to avoid precision loss - lib\screens\production\cutting_cards\services\cutting_cards_service.dart:115:54 - deprecated_member_use
   info - 'withOpacity' is deprecated and shouldn't be used. Use .withValues() to avoid precision loss - lib\screens\production\cutting_cards\services\cutting_cards_service.dart:118:56 - deprecated_member_use
   info - 'withOpacity' is deprecated and shouldn't be used. Use .withValues() to avoid precision loss - lib\screens\production\cutting_cards\services\cutting_cards_service.dart:127:60 - deprecated_member_use
  error - Target of URI doesn't exist: '../organism_ui.dart' - lib\screens\production\cutting_cards\widgets\cutting_cards_detail_panel.dart:2:8 - uri_does_not_exist
   info - 'withOpacity' is deprecated and shouldn't be used. Use .withValues() to avoid precision loss - lib\screens\production\cutting_cards\widgets\cutting_cards_detail_panel.dart:28:33 - deprecated_member_use
  error - Undefined name 'OrganismUI' - lib\screens\production\cutting_cards\widgets\cutting_cards_detail_panel.dart:87:12 - undefined_identifier
   info - 'withOpacity' is deprecated and shouldn't be used. Use .withValues() to avoid precision loss - lib\screens\production\cutting_cards\widgets\cutting_cards_detail_panel.dart:115:54 - deprecated_member_use
   info - 'withOpacity' is deprecated and shouldn't be used. Use .withValues() to avoid precision loss - lib\screens\production\cutting_cards\widgets\cutting_cards_detail_panel.dart:118:56 - deprecated_member_use
   info - 'withOpacity' is deprecated and shouldn't be used. Use .withValues() to avoid precision loss - lib\screens\production\cutting_cards\widgets\cutting_cards_detail_panel.dart:127:60 - deprecated_member_use
  error - Target of URI doesn't exist: '../organism_ui.dart' - lib\screens\production\grey_inward\pages\grey_inward_view.dart:2:8 - uri_does_not_exist
   info - 'withOpacity' is deprecated and shouldn't be used. Use .withValues() to avoid precision loss - lib\screens\production\grey_inward\pages\grey_inward_view.dart:28:33 - deprecated_member_use
  error - Undefined name 'OrganismUI' - lib\screens\production\grey_inward\pages\grey_inward_view.dart:87:12 - undefined_identifier
   info - 'withOpacity' is deprecated and shouldn't be used. Use .withValues() to avoid precision loss - lib\screens\production\grey_inward\pages\grey_inward_view.dart:115:54 - deprecated_member_use
   info - 'withOpacity' is deprecated and shouldn't be used. Use .withValues() to avoid precision loss - lib\screens\production\grey_inward\pages\grey_inward_view.dart:118:56 - deprecated_member_use
   info - 'withOpacity' is deprecated and shouldn't be used. Use .withValues() to avoid precision loss - lib\screens\production\grey_inward\pages\grey_inward_view.dart:127:60 - deprecated_member_use
  error - Target of URI doesn't exist: '../organism_ui.dart' - lib\screens\production\grey_inward\services\grey_inward_service.dart:2:8 - uri_does_not_exist
   info - 'withOpacity' is deprecated and shouldn't be used. Use .withValues() to avoid precision loss - lib\screens\production\grey_inward\services\grey_inward_service.dart:28:33 - deprecated_member_use
  error - Undefined name 'OrganismUI' - lib\screens\production\grey_inward\services\grey_inward_service.dart:87:12 - undefined_identifier
   info - 'withOpacity' is deprecated and shouldn't be used. Use .withValues() to avoid precision loss - lib\screens\production\grey_inward\services\grey_inward_service.dart:115:54 - deprecated_member_use
   info - 'withOpacity' is deprecated and shouldn't be used. Use .withValues() to avoid precision loss - lib\screens\production\grey_inward\services\grey_inward_service.dart:118:56 - deprecated_member_use
   info - 'withOpacity' is deprecated and shouldn't be used. Use .withValues() to avoid precision loss - lib\screens\production\grey_inward\services\grey_inward_service.dart:127:60 - deprecated_member_use
  error - Target of URI doesn't exist: '../organism_ui.dart' - lib\screens\production\grey_inward\widgets\grey_inward_detail_panel.dart:2:8 - uri_does_not_exist
   info - 'withOpacity' is deprecated and shouldn't be used. Use .withValues() to avoid precision loss - lib\screens\production\grey_inward\widgets\grey_inward_detail_panel.dart:28:33 - deprecated_member_use
  error - Undefined name 'OrganismUI' - lib\screens\production\grey_inward\widgets\grey_inward_detail_panel.dart:87:12 - undefined_identifier
   info - 'withOpacity' is deprecated and shouldn't be used. Use .withValues() to avoid precision loss - lib\screens\production\grey_inward\widgets\grey_inward_detail_panel.dart:115:54 - deprecated_member_use
   info - 'withOpacity' is deprecated and shouldn't be used. Use .withValues() to avoid precision loss - lib\screens\production\grey_inward\widgets\grey_inward_detail_panel.dart:118:56 - deprecated_member_use
   info - 'withOpacity' is deprecated and shouldn't be used. Use .withValues() to avoid precision loss - lib\screens\production\grey_inward\widgets\grey_inward_detail_panel.dart:127:60 - deprecated_member_use
  error - Target of URI doesn't exist: '../organism_ui.dart' - lib\screens\production\metrics\pages\production_metrics_view.dart:2:8 - uri_does_not_exist
   info - 'withOpacity' is deprecated and shouldn't be used. Use .withValues() to avoid precision loss - lib\screens\production\metrics\pages\production_metrics_view.dart:28:33 - deprecated_member_use
  error - Undefined name 'OrganismUI' - lib\screens\production\metrics\pages\production_metrics_view.dart:87:12 - undefined_identifier
   info - 'withOpacity' is deprecated and shouldn't be used. Use .withValues() to avoid precision loss - lib\screens\production\metrics\pages\production_metrics_view.dart:115:54 - deprecated_member_use
   info - 'withOpacity' is deprecated and shouldn't be used. Use .withValues() to avoid precision loss - lib\screens\production\metrics\pages\production_metrics_view.dart:118:56 - deprecated_member_use
   info - 'withOpacity' is deprecated and shouldn't be used. Use .withValues() to avoid precision loss - lib\screens\production\metrics\pages\production_metrics_view.dart:127:60 - deprecated_member_use
  error - Target of URI doesn't exist: '../organism_ui.dart' - lib\screens\production\metrics\services\production_metrics_service.dart:2:8 - uri_does_not_exist
   info - 'withOpacity' is deprecated and shouldn't be used. Use .withValues() to avoid precision loss - lib\screens\production\metrics\services\production_metrics_service.dart:28:33 - deprecated_member_use
  error - Undefined name 'OrganismUI' - lib\screens\production\metrics\services\production_metrics_service.dart:87:12 - undefined_identifier
   info - 'withOpacity' is deprecated and shouldn't be used. Use .withValues() to avoid precision loss - lib\screens\production\metrics\services\production_metrics_service.dart:115:54 - deprecated_member_use
   info - 'withOpacity' is deprecated and shouldn't be used. Use .withValues() to avoid precision loss - lib\screens\production\metrics\services\production_metrics_service.dart:118:56 - deprecated_member_use
   info - 'withOpacity' is deprecated and shouldn't be used. Use .withValues() to avoid precision loss - lib\screens\production\metrics\services\production_metrics_service.dart:127:60 - deprecated_member_use
  error - Target of URI doesn't exist: '../organism_ui.dart' - lib\screens\production\metrics\widgets\metrics_report_tab_panel.dart:2:8 - uri_does_not_exist
   info - 'withOpacity' is deprecated and shouldn't be used. Use .withValues() to avoid precision loss - lib\screens\production\metrics\widgets\metrics_report_tab_panel.dart:28:33 - deprecated_member_use
  error - Undefined name 'OrganismUI' - lib\screens\production\metrics\widgets\metrics_report_tab_panel.dart:87:12 - undefined_identifier
   info - 'withOpacity' is deprecated and shouldn't be used. Use .withValues() to avoid precision loss - lib\screens\production\metrics\widgets\metrics_report_tab_panel.dart:115:54 - deprecated_member_use
   info - 'withOpacity' is deprecated and shouldn't be used. Use .withValues() to avoid precision loss - lib\screens\production\metrics\widgets\metrics_report_tab_panel.dart:118:56 - deprecated_member_use
   info - 'withOpacity' is deprecated and shouldn't be used. Use .withValues() to avoid precision loss - lib\screens\production\metrics\widgets\metrics_report_tab_panel.dart:127:60 - deprecated_member_use
  error - Target of URI doesn't exist: '../organism_ui.dart' - lib\screens\production\metrics\widgets\production_kpi_strip.dart:2:8 - uri_does_not_exist
   info - 'withOpacity' is deprecated and shouldn't be used. Use .withValues() to avoid precision loss - lib\screens\production\metrics\widgets\production_kpi_strip.dart:28:33 - deprecated_member_use
  error - Undefined name 'OrganismUI' - lib\screens\production\metrics\widgets\production_kpi_strip.dart:87:12 - undefined_identifier
   info - 'withOpacity' is deprecated and shouldn't be used. Use .withValues() to avoid precision loss - lib\screens\production\metrics\widgets\production_kpi_strip.dart:115:54 - deprecated_member_use
   info - 'withOpacity' is deprecated and shouldn't be used. Use .withValues() to avoid precision loss - lib\screens\production\metrics\widgets\production_kpi_strip.dart:118:56 - deprecated_member_use
   info - 'withOpacity' is deprecated and shouldn't be used. Use .withValues() to avoid precision loss - lib\screens\production\metrics\widgets\production_kpi_strip.dart:127:60 - deprecated_member_use
  error - Target of URI doesn't exist: '../organism_ui.dart' - lib\screens\production\mill_receive\pages\mill_receive_view.dart:2:8 - uri_does_not_exist
   info - 'withOpacity' is deprecated and shouldn't be used. Use .withValues() to avoid precision loss - lib\screens\production\mill_receive\pages\mill_receive_view.dart:28:33 - deprecated_member_use
  error - Undefined name 'OrganismUI' - lib\screens\production\mill_receive\pages\mill_receive_view.dart:87:12 - undefined_identifier
   info - 'withOpacity' is deprecated and shouldn't be used. Use .withValues() to avoid precision loss - lib\screens\production\mill_receive\pages\mill_receive_view.dart:115:54 - deprecated_member_use
   info - 'withOpacity' is deprecated and shouldn't be used. Use .withValues() to avoid precision loss - lib\screens\production\mill_receive\pages\mill_receive_view.dart:118:56 - deprecated_member_use
   info - 'withOpacity' is deprecated and shouldn't be used. Use .withValues() to avoid precision loss - lib\screens\production\mill_receive\pages\mill_receive_view.dart:127:60 - deprecated_member_use
  error - Target of URI doesn't exist: '../organism_ui.dart' - lib\screens\production\mill_receive\services\mill_receive_service.dart:2:8 - uri_does_not_exist
   info - 'withOpacity' is deprecated and shouldn't be used. Use .withValues() to avoid precision loss - lib\screens\production\mill_receive\services\mill_receive_service.dart:28:33 - deprecated_member_use
  error - Undefined name 'OrganismUI' - lib\screens\production\mill_receive\services\mill_receive_service.dart:87:12 - undefined_identifier
   info - 'withOpacity' is deprecated and shouldn't be used. Use .withValues() to avoid precision loss - lib\screens\production\mill_receive\services\mill_receive_service.dart:115:54 - deprecated_member_use
   info - 'withOpacity' is deprecated and shouldn't be used. Use .withValues() to avoid precision loss - lib\screens\production\mill_receive\services\mill_receive_service.dart:118:56 - deprecated_member_use
   info - 'withOpacity' is deprecated and shouldn't be used. Use .withValues() to avoid precision loss - lib\screens\production\mill_receive\services\mill_receive_service.dart:127:60 - deprecated_member_use
  error - Target of URI doesn't exist: '../organism_ui.dart' - lib\screens\production\mill_receive\widgets\mill_pending_report.dart:2:8 - uri_does_not_exist
   info - 'withOpacity' is deprecated and shouldn't be used. Use .withValues() to avoid precision loss - lib\screens\production\mill_receive\widgets\mill_pending_report.dart:28:33 - deprecated_member_use
  error - Undefined name 'OrganismUI' - lib\screens\production\mill_receive\widgets\mill_pending_report.dart:87:12 - undefined_identifier
   info - 'withOpacity' is deprecated and shouldn't be used. Use .withValues() to avoid precision loss - lib\screens\production\mill_receive\widgets\mill_pending_report.dart:115:54 - deprecated_member_use
   info - 'withOpacity' is deprecated and shouldn't be used. Use .withValues() to avoid precision loss - lib\screens\production\mill_receive\widgets\mill_pending_report.dart:118:56 - deprecated_member_use
   info - 'withOpacity' is deprecated and shouldn't be used. Use .withValues() to avoid precision loss - lib\screens\production\mill_receive\widgets\mill_pending_report.dart:127:60 - deprecated_member_use
  error - Target of URI doesn't exist: '../organism_ui.dart' - lib\screens\production\mill_receive\widgets\mill_receive_detail_panel.dart:2:8 - uri_does_not_exist
   info - 'withOpacity' is deprecated and shouldn't be used. Use .withValues() to avoid precision loss - lib\screens\production\mill_receive\widgets\mill_receive_detail_panel.dart:28:33 - deprecated_member_use
  error - Undefined name 'OrganismUI' - lib\screens\production\mill_receive\widgets\mill_receive_detail_panel.dart:87:12 - undefined_identifier
   info - 'withOpacity' is deprecated and shouldn't be used. Use .withValues() to avoid precision loss - lib\screens\production\mill_receive\widgets\mill_receive_detail_panel.dart:115:54 - deprecated_member_use
   info - 'withOpacity' is deprecated and shouldn't be used. Use .withValues() to avoid precision loss - lib\screens\production\mill_receive\widgets\mill_receive_detail_panel.dart:118:56 - deprecated_member_use
   info - 'withOpacity' is deprecated and shouldn't be used. Use .withValues() to avoid precision loss - lib\screens\production\mill_receive\widgets\mill_receive_detail_panel.dart:127:60 - deprecated_member_use
  error - Target of URI doesn't exist: '../organism_ui.dart' - lib\screens\sales\invoices\pages\invoices_view.dart:2:8 - uri_does_not_exist
   info - 'withOpacity' is deprecated and shouldn't be used. Use .withValues() to avoid precision loss - lib\screens\sales\invoices\pages\invoices_view.dart:28:33 - deprecated_member_use
  error - Undefined name 'OrganismUI' - lib\screens\sales\invoices\pages\invoices_view.dart:87:12 - undefined_identifier
   info - 'withOpacity' is deprecated and shouldn't be used. Use .withValues() to avoid precision loss - lib\screens\sales\invoices\pages\invoices_view.dart:115:54 - deprecated_member_use
   info - 'withOpacity' is deprecated and shouldn't be used. Use .withValues() to avoid precision loss - lib\screens\sales\invoices\pages\invoices_view.dart:118:56 - deprecated_member_use
   info - 'withOpacity' is deprecated and shouldn't be used. Use .withValues() to avoid precision loss - lib\screens\sales\invoices\pages\invoices_view.dart:127:60 - deprecated_member_use
  error - Target of URI doesn't exist: '../organism_ui.dart' - lib\screens\sales\invoices\services\invoices_service.dart:2:8 - uri_does_not_exist
   info - 'withOpacity' is deprecated and shouldn't be used. Use .withValues() to avoid precision loss - lib\screens\sales\invoices\services\invoices_service.dart:28:33 - deprecated_member_use
  error - Undefined name 'OrganismUI' - lib\screens\sales\invoices\services\invoices_service.dart:87:12 - undefined_identifier
   info - 'withOpacity' is deprecated and shouldn't be used. Use .withValues() to avoid precision loss - lib\screens\sales\invoices\services\invoices_service.dart:115:54 - deprecated_member_use
   info - 'withOpacity' is deprecated and shouldn't be used. Use .withValues() to avoid precision loss - lib\screens\sales\invoices\services\invoices_service.dart:118:56 - deprecated_member_use
   info - 'withOpacity' is deprecated and shouldn't be used. Use .withValues() to avoid precision loss - lib\screens\sales\invoices\services\invoices_service.dart:127:60 - deprecated_member_use
  error - Target of URI doesn't exist: '../organism_ui.dart' - lib\screens\sales\invoices\widgets\invoices_detail_panel.dart:2:8 - uri_does_not_exist
   info - 'withOpacity' is deprecated and shouldn't be used. Use .withValues() to avoid precision loss - lib\screens\sales\invoices\widgets\invoices_detail_panel.dart:28:33 - deprecated_member_use
  error - Undefined name 'OrganismUI' - lib\screens\sales\invoices\widgets\invoices_detail_panel.dart:87:12 - undefined_identifier
   info - 'withOpacity' is deprecated and shouldn't be used. Use .withValues() to avoid precision loss - lib\screens\sales\invoices\widgets\invoices_detail_panel.dart:115:54 - deprecated_member_use
   info - 'withOpacity' is deprecated and shouldn't be used. Use .withValues() to avoid precision loss - lib\screens\sales\invoices\widgets\invoices_detail_panel.dart:118:56 - deprecated_member_use
   info - 'withOpacity' is deprecated and shouldn't be used. Use .withValues() to avoid precision loss - lib\screens\sales\invoices\widgets\invoices_detail_panel.dart:127:60 - deprecated_member_use
  error - Target of URI doesn't exist: '../organism_ui.dart' - lib\screens\sales\orders\pages\orders_view.dart:2:8 - uri_does_not_exist
   info - 'withOpacity' is deprecated and shouldn't be used. Use .withValues() to avoid precision loss - lib\screens\sales\orders\pages\orders_view.dart:28:33 - deprecated_member_use
  error - Undefined name 'OrganismUI' - lib\screens\sales\orders\pages\orders_view.dart:87:12 - undefined_identifier
   info - 'withOpacity' is deprecated and shouldn't be used. Use .withValues() to avoid precision loss - lib\screens\sales\orders\pages\orders_view.dart:115:54 - deprecated_member_use
   info - 'withOpacity' is deprecated and shouldn't be used. Use .withValues() to avoid precision loss - lib\screens\sales\orders\pages\orders_view.dart:118:56 - deprecated_member_use
   info - 'withOpacity' is deprecated and shouldn't be used. Use .withValues() to avoid precision loss - lib\screens\sales\orders\pages\orders_view.dart:127:60 - deprecated_member_use
  error - Target of URI doesn't exist: '../organism_ui.dart' - lib\screens\sales\orders\services\sales_order_service.dart:2:8 - uri_does_not_exist
   info - 'withOpacity' is deprecated and shouldn't be used. Use .withValues() to avoid precision loss - lib\screens\sales\orders\services\sales_order_service.dart:28:33 - deprecated_member_use
  error - Undefined name 'OrganismUI' - lib\screens\sales\orders\services\sales_order_service.dart:87:12 - undefined_identifier
   info - 'withOpacity' is deprecated and shouldn't be used. Use .withValues() to avoid precision loss - lib\screens\sales\orders\services\sales_order_service.dart:115:54 - deprecated_member_use
   info - 'withOpacity' is deprecated and shouldn't be used. Use .withValues() to avoid precision loss - lib\screens\sales\orders\services\sales_order_service.dart:118:56 - deprecated_member_use
   info - 'withOpacity' is deprecated and shouldn't be used. Use .withValues() to avoid precision loss - lib\screens\sales\orders\services\sales_order_service.dart:127:60 - deprecated_member_use
  error - Target of URI doesn't exist: '../organism_ui.dart' - lib\screens\sales\orders\widgets\orders_detail_panel.dart:2:8 - uri_does_not_exist
   info - 'withOpacity' is deprecated and shouldn't be used. Use .withValues() to avoid precision loss - lib\screens\sales\orders\widgets\orders_detail_panel.dart:28:33 - deprecated_member_use
  error - Undefined name 'OrganismUI' - lib\screens\sales\orders\widgets\orders_detail_panel.dart:87:12 - undefined_identifier
   info - 'withOpacity' is deprecated and shouldn't be used. Use .withValues() to avoid precision loss - lib\screens\sales\orders\widgets\orders_detail_panel.dart:115:54 - deprecated_member_use
   info - 'withOpacity' is deprecated and shouldn't be used. Use .withValues() to avoid precision loss - lib\screens\sales\orders\widgets\orders_detail_panel.dart:118:56 - deprecated_member_use
   info - 'withOpacity' is deprecated and shouldn't be used. Use .withValues() to avoid precision loss - lib\screens\sales\orders\widgets\orders_detail_panel.dart:127:60 - deprecated_member_use
  error - Target of URI doesn't exist: '../organism_ui.dart' - lib\screens\sales\packing\pages\packing_slips_view.dart:2:8 - uri_does_not_exist
   info - 'withOpacity' is deprecated and shouldn't be used. Use .withValues() to avoid precision loss - lib\screens\sales\packing\pages\packing_slips_view.dart:28:33 - deprecated_member_use
  error - Undefined name 'OrganismUI' - lib\screens\sales\packing\pages\packing_slips_view.dart:87:12 - undefined_identifier
   info - 'withOpacity' is deprecated and shouldn't be used. Use .withValues() to avoid precision loss - lib\screens\sales\packing\pages\packing_slips_view.dart:115:54 - deprecated_member_use
   info - 'withOpacity' is deprecated and shouldn't be used. Use .withValues() to avoid precision loss - lib\screens\sales\packing\pages\packing_slips_view.dart:118:56 - deprecated_member_use
   info - 'withOpacity' is deprecated and shouldn't be used. Use .withValues() to avoid precision loss - lib\screens\sales\packing\pages\packing_slips_view.dart:127:60 - deprecated_member_use
  error - Target of URI doesn't exist: '../organism_ui.dart' - lib\screens\sales\packing\services\packing_slip_service.dart:2:8 - uri_does_not_exist
   info - 'withOpacity' is deprecated and shouldn't be used. Use .withValues() to avoid precision loss - lib\screens\sales\packing\services\packing_slip_service.dart:28:33 - deprecated_member_use
  error - Undefined name 'OrganismUI' - lib\screens\sales\packing\services\packing_slip_service.dart:87:12 - undefined_identifier
   info - 'withOpacity' is deprecated and shouldn't be used. Use .withValues() to avoid precision loss - lib\screens\sales\packing\services\packing_slip_service.dart:115:54 - deprecated_member_use
   info - 'withOpacity' is deprecated and shouldn't be used. Use .withValues() to avoid precision loss - lib\screens\sales\packing\services\packing_slip_service.dart:118:56 - deprecated_member_use
   info - 'withOpacity' is deprecated and shouldn't be used. Use .withValues() to avoid precision loss - lib\screens\sales\packing\services\packing_slip_service.dart:127:60 - deprecated_member_use
  error - Target of URI doesn't exist: '../organism_ui.dart' - lib\services\auth_service.dart:2:8 - uri_does_not_exist
   info - 'withOpacity' is deprecated and shouldn't be used. Use .withValues() to avoid precision loss - lib\services\auth_service.dart:28:33 - deprecated_member_use
  error - Undefined name 'OrganismUI' - lib\services\auth_service.dart:87:12 - undefined_identifier
   info - 'withOpacity' is deprecated and shouldn't be used. Use .withValues() to avoid precision loss - lib\services\auth_service.dart:115:54 - deprecated_member_use
   info - 'withOpacity' is deprecated and shouldn't be used. Use .withValues() to avoid precision loss - lib\services\auth_service.dart:118:56 - deprecated_member_use
   info - 'withOpacity' is deprecated and shouldn't be used. Use .withValues() to avoid precision loss - lib\services\auth_service.dart:127:60 - deprecated_member_use
  error - Target of URI doesn't exist: '../organism_ui.dart' - lib\services\mock_party_data.dart:2:8 - uri_does_not_exist
   info - 'withOpacity' is deprecated and shouldn't be used. Use .withValues() to avoid precision loss - lib\services\mock_party_data.dart:28:33 - deprecated_member_use
  error - Undefined name 'OrganismUI' - lib\services\mock_party_data.dart:87:12 - undefined_identifier
   info - 'withOpacity' is deprecated and shouldn't be used. Use .withValues() to avoid precision loss - lib\services\mock_party_data.dart:115:54 - deprecated_member_use
   info - 'withOpacity' is deprecated and shouldn't be used. Use .withValues() to avoid precision loss - lib\services\mock_party_data.dart:118:56 - deprecated_member_use
   info - 'withOpacity' is deprecated and shouldn't be used. Use .withValues() to avoid precision loss - lib\services\mock_party_data.dart:127:60 - deprecated_member_use
  error - Target of URI doesn't exist: '../organism_ui.dart' - lib\services\service_admin_sync.dart:2:8 - uri_does_not_exist
   info - 'withOpacity' is deprecated and shouldn't be used. Use .withValues() to avoid precision loss - lib\services\service_admin_sync.dart:28:33 - deprecated_member_use
  error - Undefined name 'OrganismUI' - lib\services\service_admin_sync.dart:87:12 - undefined_identifier
   info - 'withOpacity' is deprecated and shouldn't be used. Use .withValues() to avoid precision loss - lib\services\service_admin_sync.dart:115:54 - deprecated_member_use
   info - 'withOpacity' is deprecated and shouldn't be used. Use .withValues() to avoid precision loss - lib\services\service_admin_sync.dart:118:56 - deprecated_member_use
   info - 'withOpacity' is deprecated and shouldn't be used. Use .withValues() to avoid precision loss - lib\services\service_admin_sync.dart:127:60 - deprecated_member_use
  error - Target of URI doesn't exist: '../organism_ui.dart' - lib\services\service_design.dart:2:8 - uri_does_not_exist
   info - 'withOpacity' is deprecated and shouldn't be used. Use .withValues() to avoid precision loss - lib\services\service_design.dart:28:33 - deprecated_member_use
  error - Undefined name 'OrganismUI' - lib\services\service_design.dart:87:12 - undefined_identifier
   info - 'withOpacity' is deprecated and shouldn't be used. Use .withValues() to avoid precision loss - lib\services\service_design.dart:115:54 - deprecated_member_use
   info - 'withOpacity' is deprecated and shouldn't be used. Use .withValues() to avoid precision loss - lib\services\service_design.dart:118:56 - deprecated_member_use
   info - 'withOpacity' is deprecated and shouldn't be used. Use .withValues() to avoid precision loss - lib\services\service_design.dart:127:60 - deprecated_member_use
  error - Target of URI doesn't exist: '../organism_ui.dart' - lib\theme\app_colors.dart:2:8 - uri_does_not_exist
   info - 'withOpacity' is deprecated and shouldn't be used. Use .withValues() to avoid precision loss - lib\theme\app_colors.dart:28:33 - deprecated_member_use
  error - Undefined name 'OrganismUI' - lib\theme\app_colors.dart:87:12 - undefined_identifier
   info - 'withOpacity' is deprecated and shouldn't be used. Use .withValues() to avoid precision loss - lib\theme\app_colors.dart:115:54 - deprecated_member_use
   info - 'withOpacity' is deprecated and shouldn't be used. Use .withValues() to avoid precision loss - lib\theme\app_colors.dart:118:56 - deprecated_member_use
   info - 'withOpacity' is deprecated and shouldn't be used. Use .withValues() to avoid precision loss - lib\theme\app_colors.dart:127:60 - deprecated_member_use
  error - Target of URI doesn't exist: '../organism_ui.dart' - lib\theme\app_theme.dart:2:8 - uri_does_not_exist
   info - 'withOpacity' is deprecated and shouldn't be used. Use .withValues() to avoid precision loss - lib\theme\app_theme.dart:28:33 - deprecated_member_use
  error - Undefined name 'OrganismUI' - lib\theme\app_theme.dart:87:12 - undefined_identifier
   info - 'withOpacity' is deprecated and shouldn't be used. Use .withValues() to avoid precision loss - lib\theme\app_theme.dart:115:54 - deprecated_member_use
   info - 'withOpacity' is deprecated and shouldn't be used. Use .withValues() to avoid precision loss - lib\theme\app_theme.dart:118:56 - deprecated_member_use
   info - 'withOpacity' is deprecated and shouldn't be used. Use .withValues() to avoid precision loss - lib\theme\app_theme.dart:127:60 - deprecated_member_use
  error - Target of URI doesn't exist: '../organism_ui.dart' - lib\utils\financial_utils.dart:2:8 - uri_does_not_exist
   info - 'withOpacity' is deprecated and shouldn't be used. Use .withValues() to avoid precision loss - lib\utils\financial_utils.dart:28:33 - deprecated_member_use
  error - Undefined name 'OrganismUI' - lib\utils\financial_utils.dart:87:12 - undefined_identifier
   info - 'withOpacity' is deprecated and shouldn't be used. Use .withValues() to avoid precision loss - lib\utils\financial_utils.dart:115:54 - deprecated_member_use
   info - 'withOpacity' is deprecated and shouldn't be used. Use .withValues() to avoid precision loss - lib\utils\financial_utils.dart:118:56 - deprecated_member_use
   info - 'withOpacity' is deprecated and shouldn't be used. Use .withValues() to avoid precision loss - lib\utils\financial_utils.dart:127:60 - deprecated_member_use
  error - Target of URI doesn't exist: '../organism_ui.dart' - lib\utils\utils_parsing.dart:2:8 - uri_does_not_exist
   info - 'withOpacity' is deprecated and shouldn't be used. Use .withValues() to avoid precision loss - lib\utils\utils_parsing.dart:28:33 - deprecated_member_use
  error - Undefined name 'OrganismUI' - lib\utils\utils_parsing.dart:87:12 - undefined_identifier
   info - 'withOpacity' is deprecated and shouldn't be used. Use .withValues() to avoid precision loss - lib\utils\utils_parsing.dart:115:54 - deprecated_member_use
   info - 'withOpacity' is deprecated and shouldn't be used. Use .withValues() to avoid precision loss - lib\utils\utils_parsing.dart:118:56 - deprecated_member_use
   info - 'withOpacity' is deprecated and shouldn't be used. Use .withValues() to avoid precision loss - lib\utils\utils_parsing.dart:127:60 - deprecated_member_use
  error - Target of URI doesn't exist: '../organism_ui.dart' - lib\widgets\app_shell.dart:2:8 - uri_does_not_exist
   info - 'withOpacity' is deprecated and shouldn't be used. Use .withValues() to avoid precision loss - lib\widgets\app_shell.dart:28:33 - deprecated_member_use
  error - Undefined name 'OrganismUI' - lib\widgets\app_shell.dart:87:12 - undefined_identifier
   info - 'withOpacity' is deprecated and shouldn't be used. Use .withValues() to avoid precision loss - lib\widgets\app_shell.dart:115:54 - deprecated_member_use
   info - 'withOpacity' is deprecated and shouldn't be used. Use .withValues() to avoid precision loss - lib\widgets\app_shell.dart:118:56 - deprecated_member_use
   info - 'withOpacity' is deprecated and shouldn't be used. Use .withValues() to avoid precision loss - lib\widgets\app_shell.dart:127:60 - deprecated_member_use
   info - 'withOpacity' is deprecated and shouldn't be used. Use .withValues() to avoid precision loss - lib\widgets\design_system\ambaji_badge.dart:28:33 - deprecated_member_use
  error - Undefined name 'OrganismUI' - lib\widgets\design_system\ambaji_badge.dart:87:12 - undefined_identifier
   info - 'withOpacity' is deprecated and shouldn't be used. Use .withValues() to avoid precision loss - lib\widgets\design_system\ambaji_badge.dart:115:54 - deprecated_member_use
   info - 'withOpacity' is deprecated and shouldn't be used. Use .withValues() to avoid precision loss - lib\widgets\design_system\ambaji_badge.dart:118:56 - deprecated_member_use
   info - 'withOpacity' is deprecated and shouldn't be used. Use .withValues() to avoid precision loss - lib\widgets\design_system\ambaji_badge.dart:127:60 - deprecated_member_use
   info - 'withOpacity' is deprecated and shouldn't be used. Use .withValues() to avoid precision loss - lib\widgets\design_system\ambaji_button.dart:28:33 - deprecated_member_use
  error - Undefined name 'OrganismUI' - lib\widgets\design_system\ambaji_button.dart:87:12 - undefined_identifier
   info - 'withOpacity' is deprecated and shouldn't be used. Use .withValues() to avoid precision loss - lib\widgets\design_system\ambaji_button.dart:115:54 - deprecated_member_use
   info - 'withOpacity' is deprecated and shouldn't be used. Use .withValues() to avoid precision loss - lib\widgets\design_system\ambaji_button.dart:118:56 - deprecated_member_use
   info - 'withOpacity' is deprecated and shouldn't be used. Use .withValues() to avoid precision loss - lib\widgets\design_system\ambaji_button.dart:127:60 - deprecated_member_use
   info - 'withOpacity' is deprecated and shouldn't be used. Use .withValues() to avoid precision loss - lib\widgets\design_system\ambaji_card.dart:28:33 - deprecated_member_use
  error - Undefined name 'OrganismUI' - lib\widgets\design_system\ambaji_card.dart:87:12 - undefined_identifier
   info - 'withOpacity' is deprecated and shouldn't be used. Use .withValues() to avoid precision loss - lib\widgets\design_system\ambaji_card.dart:115:54 - deprecated_member_use
   info - 'withOpacity' is deprecated and shouldn't be used. Use .withValues() to avoid precision loss - lib\widgets\design_system\ambaji_card.dart:118:56 - deprecated_member_use
   info - 'withOpacity' is deprecated and shouldn't be used. Use .withValues() to avoid precision loss - lib\widgets\design_system\ambaji_card.dart:127:60 - deprecated_member_use
   info - 'withOpacity' is deprecated and shouldn't be used. Use .withValues() to avoid precision loss - lib\widgets\design_system\ambaji_data_grid.dart:28:33 - deprecated_member_use
  error - Undefined name 'OrganismUI' - lib\widgets\design_system\ambaji_data_grid.dart:87:12 - undefined_identifier
   info - 'withOpacity' is deprecated and shouldn't be used. Use .withValues() to avoid precision loss - lib\widgets\design_system\ambaji_data_grid.dart:115:54 - deprecated_member_use
   info - 'withOpacity' is deprecated and shouldn't be used. Use .withValues() to avoid precision loss - lib\widgets\design_system\ambaji_data_grid.dart:118:56 - deprecated_member_use
   info - 'withOpacity' is deprecated and shouldn't be used. Use .withValues() to avoid precision loss - lib\widgets\design_system\ambaji_data_grid.dart:127:60 - deprecated_member_use
   info - 'withOpacity' is deprecated and shouldn't be used. Use .withValues() to avoid precision loss - lib\widgets\design_system\ambaji_typography.dart:28:33 - deprecated_member_use
  error - Undefined name 'OrganismUI' - lib\widgets\design_system\ambaji_typography.dart:87:12 - undefined_identifier
   info - 'withOpacity' is deprecated and shouldn't be used. Use .withValues() to avoid precision loss - lib\widgets\design_system\ambaji_typography.dart:115:54 - deprecated_member_use
   info - 'withOpacity' is deprecated and shouldn't be used. Use .withValues() to avoid precision loss - lib\widgets\design_system\ambaji_typography.dart:118:56 - deprecated_member_use
   info - 'withOpacity' is deprecated and shouldn't be used. Use .withValues() to avoid precision loss - lib\widgets\design_system\ambaji_typography.dart:127:60 - deprecated_member_use
  error - Target of URI doesn't exist: '../organism_ui.dart' - lib\widgets\organism\organelles\managed_listview_pane.dart:2:8 - uri_does_not_exist
   info - 'withOpacity' is deprecated and shouldn't be used. Use .withValues() to avoid precision loss - lib\widgets\organism\organelles\managed_listview_pane.dart:28:33 - deprecated_member_use
  error - Undefined name 'OrganismUI' - lib\widgets\organism\organelles\managed_listview_pane.dart:87:12 - undefined_identifier
   info - 'withOpacity' is deprecated and shouldn't be used. Use .withValues() to avoid precision loss - lib\widgets\organism\organelles\managed_listview_pane.dart:115:54 - deprecated_member_use
   info - 'withOpacity' is deprecated and shouldn't be used. Use .withValues() to avoid precision loss - lib\widgets\organism\organelles\managed_listview_pane.dart:118:56 - deprecated_member_use
   info - 'withOpacity' is deprecated and shouldn't be used. Use .withValues() to avoid precision loss - lib\widgets\organism\organelles\managed_listview_pane.dart:127:60 - deprecated_member_use
   info - 'withOpacity' is deprecated and shouldn't be used. Use .withValues() to avoid precision loss - lib\widgets\organism\organism.dart:28:33 - deprecated_member_use
  error - Undefined name 'OrganismUI' - lib\widgets\organism\organism.dart:87:12 - undefined_identifier
   info - 'withOpacity' is deprecated and shouldn't be used. Use .withValues() to avoid precision loss - lib\widgets\organism\organism.dart:115:54 - deprecated_member_use
   info - 'withOpacity' is deprecated and shouldn't be used. Use .withValues() to avoid precision loss - lib\widgets\organism\organism.dart:118:56 - deprecated_member_use
   info - 'withOpacity' is deprecated and shouldn't be used. Use .withValues() to avoid precision loss - lib\widgets\organism\organism.dart:127:60 - deprecated_member_use
  error - Target of URI doesn't exist: '../organism_ui.dart' - lib\widgets\organism\organs\listview_cards.dart:2:8 - uri_does_not_exist
   info - 'withOpacity' is deprecated and shouldn't be used. Use .withValues() to avoid precision loss - lib\widgets\organism\organs\listview_cards.dart:28:33 - deprecated_member_use
  error - Undefined name 'OrganismUI' - lib\widgets\organism\organs\listview_cards.dart:87:12 - undefined_identifier
   info - 'withOpacity' is deprecated and shouldn't be used. Use .withValues() to avoid precision loss - lib\widgets\organism\organs\listview_cards.dart:115:54 - deprecated_member_use
   info - 'withOpacity' is deprecated and shouldn't be used. Use .withValues() to avoid precision loss - lib\widgets\organism\organs\listview_cards.dart:118:56 - deprecated_member_use
   info - 'withOpacity' is deprecated and shouldn't be used. Use .withValues() to avoid precision loss - lib\widgets\organism\organs\listview_cards.dart:127:60 - deprecated_member_use
  error - Target of URI doesn't exist: '../organism_ui.dart' - lib\widgets\organism\organs\listview_header.dart:2:8 - uri_does_not_exist
   info - 'withOpacity' is deprecated and shouldn't be used. Use .withValues() to avoid precision loss - lib\widgets\organism\organs\listview_header.dart:28:33 - deprecated_member_use
  error - Undefined name 'OrganismUI' - lib\widgets\organism\organs\listview_header.dart:87:12 - undefined_identifier
   info - 'withOpacity' is deprecated and shouldn't be used. Use .withValues() to avoid precision loss - lib\widgets\organism\organs\listview_header.dart:115:54 - deprecated_member_use
   info - 'withOpacity' is deprecated and shouldn't be used. Use .withValues() to avoid precision loss - lib\widgets\organism\organs\listview_header.dart:118:56 - deprecated_member_use
   info - 'withOpacity' is deprecated and shouldn't be used. Use .withValues() to avoid precision loss - lib\widgets\organism\organs\listview_header.dart:127:60 - deprecated_member_use
  error - Target of URI doesn't exist: '../organism_ui.dart' - lib\widgets\organism\systems\listview_pane.dart:2:8 - uri_does_not_exist
   info - 'withOpacity' is deprecated and shouldn't be used. Use .withValues() to avoid precision loss - lib\widgets\organism\systems\listview_pane.dart:28:33 - deprecated_member_use
  error - Undefined name 'OrganismUI' - lib\widgets\organism\systems\listview_pane.dart:87:12 - undefined_identifier
   info - 'withOpacity' is deprecated and shouldn't be used. Use .withValues() to avoid precision loss - lib\widgets\organism\systems\listview_pane.dart:115:54 - deprecated_member_use
   info - 'withOpacity' is deprecated and shouldn't be used. Use .withValues() to avoid precision loss - lib\widgets\organism\systems\listview_pane.dart:118:56 - deprecated_member_use
   info - 'withOpacity' is deprecated and shouldn't be used. Use .withValues() to avoid precision loss - lib\widgets\organism\systems\listview_pane.dart:127:60 - deprecated_member_use
  error - Target of URI doesn't exist: '../organism_ui.dart' - lib\widgets\organism_ui.dart:2:8 - uri_does_not_exist
   info - 'withOpacity' is deprecated and shouldn't be used. Use .withValues() to avoid precision loss - lib\widgets\organism_ui.dart:28:33 - deprecated_member_use
  error - Undefined name 'OrganismUI' - lib\widgets\organism_ui.dart:87:12 - undefined_identifier
   info - 'withOpacity' is deprecated and shouldn't be used. Use .withValues() to avoid precision loss - lib\widgets\organism_ui.dart:115:54 - deprecated_member_use
   info - 'withOpacity' is deprecated and shouldn't be used. Use .withValues() to avoid precision loss - lib\widgets\organism_ui.dart:118:56 - deprecated_member_use
   info - 'withOpacity' is deprecated and shouldn't be used. Use .withValues() to avoid precision loss - lib\widgets\organism_ui.dart:127:60 - deprecated_member_use
   info - 'withOpacity' is deprecated and shouldn't be used. Use .withValues() to avoid precision loss - lib\widgets\shared\item_list_panel.dart:28:33 - deprecated_member_use
  error - Undefined name 'OrganismUI' - lib\widgets\shared\item_list_panel.dart:87:12 - undefined_identifier
   info - 'withOpacity' is deprecated and shouldn't be used. Use .withValues() to avoid precision loss - lib\widgets\shared\item_list_panel.dart:115:54 - deprecated_member_use
   info - 'withOpacity' is deprecated and shouldn't be used. Use .withValues() to avoid precision loss - lib\widgets\shared\item_list_panel.dart:118:56 - deprecated_member_use
   info - 'withOpacity' is deprecated and shouldn't be used. Use .withValues() to avoid precision loss - lib\widgets\shared\item_list_panel.dart:127:60 - deprecated_member_use
   info - 'withOpacity' is deprecated and shouldn't be used. Use .withValues() to avoid precision loss - lib\widgets\shared\master_detail_widgets.dart:28:33 - deprecated_member_use
  error - Undefined name 'OrganismUI' - lib\widgets\shared\master_detail_widgets.dart:87:12 - undefined_identifier
   info - 'withOpacity' is deprecated and shouldn't be used. Use .withValues() to avoid precision loss - lib\widgets\shared\master_detail_widgets.dart:115:54 - deprecated_member_use
   info - 'withOpacity' is deprecated and shouldn't be used. Use .withValues() to avoid precision loss - lib\widgets\shared\master_detail_widgets.dart:118:56 - deprecated_member_use
   info - 'withOpacity' is deprecated and shouldn't be used. Use .withValues() to avoid precision loss - lib\widgets\shared\master_detail_widgets.dart:127:60 - deprecated_member_use
  error - Target of URI doesn't exist: '../organism_ui.dart' - lib\widgets\sidebar.dart:2:8 - uri_does_not_exist
   info - 'withOpacity' is deprecated and shouldn't be used. Use .withValues() to avoid precision loss - lib\widgets\sidebar.dart:28:33 - deprecated_member_use
  error - Undefined name 'OrganismUI' - lib\widgets\sidebar.dart:87:12 - undefined_identifier
   info - 'withOpacity' is deprecated and shouldn't be used. Use .withValues() to avoid precision loss - lib\widgets\sidebar.dart:115:54 - deprecated_member_use
   info - 'withOpacity' is deprecated and shouldn't be used. Use .withValues() to avoid precision loss - lib\widgets\sidebar.dart:118:56 - deprecated_member_use
   info - 'withOpacity' is deprecated and shouldn't be used. Use .withValues() to avoid precision loss - lib\widgets\sidebar.dart:127:60 - deprecated_member_use
  error - Target of URI doesn't exist: '../organism_ui.dart' - lib\widgets\top_app_bar.dart:2:8 - uri_does_not_exist
   info - 'withOpacity' is deprecated and shouldn't be used. Use .withValues() to avoid precision loss - lib\widgets\top_app_bar.dart:28:33 - deprecated_member_use
  error - Undefined name 'OrganismUI' - lib\widgets\top_app_bar.dart:87:12 - undefined_identifier
   info - 'withOpacity' is deprecated and shouldn't be used. Use .withValues() to avoid precision loss - lib\widgets\top_app_bar.dart:115:54 - deprecated_member_use
   info - 'withOpacity' is deprecated and shouldn't be used. Use .withValues() to avoid precision loss - lib\widgets\top_app_bar.dart:118:56 - deprecated_member_use
   info - 'withOpacity' is deprecated and shouldn't be used. Use .withValues() to avoid precision loss - lib\widgets\top_app_bar.dart:127:60 - deprecated_member_use

